INFO:__main__:Received1
INFO:__main__:G
INFO:__main__:ReceivedLoop:
INFO:__main__:Prompt
INFO:__main__:ReceivedLoop:
INFO:__main__:Prompt
INFO:__main__:ReceivedLoop:
INFO:__main__:Prompt
INFO:__main__:ReceivedLoop:
INFO:__main__:Prompt
INFO:__main__:ReceivedLoop:
INFO:__main__:Prompt
INFO:__main__:ReceivedLoop:
INFO:__main__:Prompt
INFO:__main__:ReceivedLoop:
INFO:__main__:Prompt
INFO:__main__:ReceivedLoop:
INFO:__main__:Prompt
INFO:__main__:ReceivedLoop:
INFO:__main__:Prompt
INFO:__main__:ReceivedLoop:
INFO:__main__:Prompt
INFO:__main__:ReceivedLoop:
INFO:__main__:Prompt
INFO:__main__:ReceivedLoop:
INFO:__main__:Prompt
INFO:__main__:ReceivedLoop:
INFO:__main__:Prompt
INFO:__main__:ReceivedLoop:
INFO:__main__:Prompt
INFO:__main__:ReceivedLoop:
INFO:__main__:Prompt
INFO:__main__:ReceivedLoop:
INFO:__main__:Prompt
INFO:__main__:ReceivedLoop:
INFO:__main__:Prompt
INFO:__main__:ReceivedLoop:
INFO:__main__:Prompt
INFO:__main__:ReceivedLoop:
INFO:__main__:Prompt
INFO:__main__:ReceivedLoop:
INFO:__main__:Prompt
INFO:__main__:ReceivedLoop:
INFO:__main__:Prompt
INFO:__main__:ReceivedLoop:
INFO:__main__:Prompt
INFO:__main__:ReceivedLoop:
INFO:__main__:Prompt
INFO:__main__:ReceivedLoop:
INFO:__main__:Prompt
INFO:__main__:ReceivedLoop:
INFO:__main__:Prompt
INFO:__main__:ReceivedLoop:
INFO:__main__:Prompt
INFO:__main__:ReceivedLoop:
INFO:__main__:Prompt
INFO:__main__:ReceivedLoop:
INFO:__main__:Prompt
INFO:__main__:ReceivedLoop:
INFO:__main__:Prompt
INFO:__main__:ReceivedLoop:
INFO:__main__:Prompt
INFO:__main__:ReceivedLoop:
INFO:__main__:Prompt
INFO:__main__:ReceivedLoop:
INFO:__main__:Prompt
INFO:__main__:ReceivedLoop:
INFO:__main__:Prompt
INFO:__main__:ReceivedLoop:
INFO:__main__:Prompt
INFO:__main__:ReceivedLoop:
INFO:__main__:Prompt
INFO:__main__:ReceivedLoop:
INFO:__main__:Prompt
INFO:__main__:ReceivedLoop:
INFO:__main__:Prompt
INFO:__main__:ReceivedLoop:
INFO:__main__:Prompt
INFO:__main__:ReceivedLoop:
INFO:__main__:Prompt
INFO:__main__:ReceivedLoop:
INFO:__main__:Prompt
INFO:__main__:ReceivedLoop:
INFO:__main__:Prompt
INFO:__main__:ReceivedLoop:
INFO:__main__:Prompt
INFO:__main__:ReceivedLoop:
INFO:__main__:Prompt
INFO:__main__:ReceivedLoop:
INFO:__main__:Prompt
INFO:__main__:ReceivedLoop:
INFO:__main__:Prompt
INFO:__main__:ReceivedLoop:
INFO:__main__:Prompt
INFO:__main__:ReceivedLoop:
INFO:__main__:Prompt
INFO:__main__:ReceivedLoop:
INFO:__main__:Prompt
INFO:__main__:Received2
INFO:__main__:Done
INFO:__main__:Finished
INFO:__main__:Received1
INFO:__main__:G
INFO:__main__:ReceivedLoop:
INFO:__main__:Prompt
INFO:__main__:ReceivedLoop:
INFO:__main__:Prompt
INFO:__main__:ReceivedLoop:
INFO:__main__:Prompt
INFO:__main__:ReceivedLoop:
INFO:__main__:Prompt
INFO:__main__:ReceivedLoop:
INFO:__main__:Prompt
INFO:__main__:ReceivedLoop:
INFO:__main__:Prompt
INFO:__main__:ReceivedLoop:
INFO:__main__:Prompt
INFO:__main__:ReceivedLoop:
INFO:__main__:Prompt
INFO:__main__:ReceivedLoop:
INFO:__main__:Prompt
INFO:__main__:ReceivedLoop:
INFO:__main__:Prompt
INFO:__main__:ReceivedLoop:
INFO:__main__:Prompt
INFO:__main__:ReceivedLoop:
INFO:__main__:Prompt
INFO:__main__:ReceivedLoop:
INFO:__main__:Prompt
INFO:__main__:ReceivedLoop:
INFO:__main__:Prompt
INFO:__main__:ReceivedLoop:
INFO:__main__:Prompt
INFO:__main__:ReceivedLoop:
INFO:__main__:Stop
INFO:__main__:Finished
INFO:__main__:Received1
INFO:__main__:G
INFO:__main__:ReceivedLoop:
INFO:__main__:Prompt
INFO:__main__:ReceivedLoop:
INFO:__main__:Prompt
INFO:__main__:ReceivedLoop:
INFO:__main__:Prompt
INFO:__main__:ReceivedLoop:
INFO:__main__:Prompt
INFO:__main__:ReceivedLoop:
INFO:__main__:Prompt
INFO:__main__:ReceivedLoop:
INFO:__main__:Prompt
INFO:__main__:ReceivedLoop:
INFO:__main__:Prompt
INFO:__main__:ReceivedLoop:
INFO:__main__:Prompt
INFO:__main__:ReceivedLoop:
INFO:__main__:Prompt
INFO:__main__:ReceivedLoop:
INFO:__main__:Prompt
INFO:__main__:ReceivedLoop:
INFO:__main__:Prompt
INFO:__main__:ReceivedLoop:
INFO:__main__:Prompt
INFO:__main__:ReceivedLoop:
INFO:__main__:Prompt
INFO:__main__:ReceivedLoop:
INFO:__main__:Prompt
INFO:__main__:ReceivedLoop:
INFO:__main__:Prompt
INFO:__main__:ReceivedLoop:
INFO:__main__:Prompt
INFO:__main__:ReceivedLoop:
INFO:__main__:Prompt
INFO:__main__:ReceivedLoop:
INFO:__main__:Prompt
INFO:__main__:ReceivedLoop:
INFO:__main__:Prompt
INFO:__main__:ReceivedLoop:
INFO:__main__:Prompt
INFO:__main__:ReceivedLoop:
INFO:__main__:Prompt
INFO:__main__:ReceivedLoop:
INFO:__main__:Prompt
INFO:__main__:ReceivedLoop:
INFO:__main__:Prompt
INFO:__main__:ReceivedLoop:
INFO:__main__:Prompt
INFO:__main__:ReceivedLoop:
INFO:__main__:Prompt
INFO:__main__:ReceivedLoop:
INFO:__main__:Prompt
INFO:__main__:ReceivedLoop:
INFO:__main__:Prompt
INFO:__main__:ReceivedLoop:
INFO:__main__:Prompt
INFO:__main__:ReceivedLoop:
INFO:__main__:Prompt
INFO:__main__:ReceivedLoop:
INFO:__main__:Prompt
INFO:__main__:ReceivedLoop:
INFO:__main__:Prompt
INFO:__main__:ReceivedLoop:
INFO:__main__:Prompt
INFO:__main__:ReceivedLoop:
INFO:__main__:Prompt
INFO:__main__:ReceivedLoop:
INFO:__main__:Prompt
INFO:__main__:ReceivedLoop:
INFO:__main__:Prompt
INFO:__main__:ReceivedLoop:
INFO:__main__:Prompt
INFO:__main__:ReceivedLoop:
INFO:__main__:Prompt
INFO:__main__:ReceivedLoop:
INFO:__main__:Prompt
INFO:__main__:ReceivedLoop:
INFO:__main__:Prompt
INFO:__main__:ReceivedLoop:
INFO:__main__:Prompt
INFO:__main__:ReceivedLoop:
INFO:__main__:Prompt
INFO:__main__:ReceivedLoop:
INFO:__main__:Prompt
INFO:__main__:ReceivedLoop:
INFO:__main__:Prompt
INFO:__main__:ReceivedLoop:
INFO:__main__:Prompt
INFO:__main__:ReceivedLoop:
INFO:__main__:Prompt
INFO:__main__:ReceivedLoop:
INFO:__main__:Prompt
INFO:__main__:ReceivedLoop:
INFO:__main__:Prompt
INFO:__main__:ReceivedLoop:
INFO:__main__:Prompt
INFO:__main__:Received2
INFO:__main__:Done
INFO:__main__:Finished
INFO:__main__:Received1
INFO:__main__:G
INFO:__main__:ReceivedLoop:
INFO:__main__:Prompt
INFO:__main__:ReceivedLoop:
INFO:__main__:Prompt
INFO:__main__:ReceivedLoop:
INFO:__main__:Prompt
INFO:__main__:ReceivedLoop:
INFO:__main__:Prompt
INFO:__main__:ReceivedLoop:
INFO:__main__:Prompt
INFO:__main__:ReceivedLoop:
INFO:__main__:Prompt
INFO:__main__:ReceivedLoop:
INFO:__main__:Prompt
INFO:__main__:ReceivedLoop:
INFO:__main__:Prompt
INFO:__main__:ReceivedLoop:
INFO:__main__:Prompt
INFO:__main__:ReceivedLoop:
INFO:__main__:Prompt
INFO:__main__:ReceivedLoop:
INFO:__main__:Prompt
INFO:__main__:ReceivedLoop:
INFO:__main__:Prompt
INFO:__main__:ReceivedLoop:
INFO:__main__:Prompt
INFO:__main__:ReceivedLoop:
INFO:__main__:Prompt
INFO:__main__:ReceivedLoop:
INFO:__main__:Prompt
INFO:__main__:ReceivedLoop:
INFO:__main__:Prompt
INFO:__main__:ReceivedLoop:
INFO:__main__:Prompt
INFO:__main__:ReceivedLoop:
INFO:__main__:Prompt
INFO:__main__:ReceivedLoop:
INFO:__main__:Prompt
INFO:__main__:ReceivedLoop:
INFO:__main__:Prompt
INFO:__main__:ReceivedLoop:
INFO:__main__:Prompt
INFO:__main__:ReceivedLoop:
INFO:__main__:Prompt
INFO:__main__:ReceivedLoop:
INFO:__main__:Prompt
INFO:__main__:ReceivedLoop:
INFO:__main__:Prompt
INFO:__main__:ReceivedLoop:
INFO:__main__:Prompt
INFO:__main__:ReceivedLoop:
INFO:__main__:Prompt
INFO:__main__:ReceivedLoop:
INFO:__main__:Prompt
INFO:__main__:ReceivedLoop:
INFO:__main__:Prompt
INFO:__main__:ReceivedLoop:
INFO:__main__:Prompt
INFO:__main__:ReceivedLoop:
INFO:__main__:Prompt
INFO:__main__:ReceivedLoop:
INFO:__main__:Prompt
INFO:__main__:ReceivedLoop:
INFO:__main__:Prompt
INFO:__main__:ReceivedLoop:
INFO:__main__:Prompt
INFO:__main__:ReceivedLoop:
INFO:__main__:Prompt
INFO:__main__:ReceivedLoop:
INFO:__main__:Prompt
INFO:__main__:ReceivedLoop:
INFO:__main__:Prompt
INFO:__main__:ReceivedLoop:
INFO:__main__:Prompt
INFO:__main__:ReceivedLoop:
INFO:__main__:Prompt
INFO:__main__:ReceivedLoop:
INFO:__main__:Prompt
INFO:__main__:ReceivedLoop:
INFO:__main__:Prompt
INFO:__main__:ReceivedLoop:
INFO:__main__:Prompt
INFO:__main__:ReceivedLoop:
INFO:__main__:Prompt
INFO:__main__:ReceivedLoop:
INFO:__main__:Prompt
INFO:__main__:ReceivedLoop:
INFO:__main__:Prompt
INFO:__main__:ReceivedLoop:
INFO:__main__:Prompt
INFO:__main__:ReceivedLoop:
INFO:__main__:Prompt
INFO:__main__:ReceivedLoop:
INFO:__main__:Prompt
INFO:__main__:ReceivedLoop:
INFO:__main__:Prompt
INFO:__main__:Received2
INFO:__main__:Done
INFO:__main__:Finished
INFO:__main__:Received1
INFO:__main__:G
INFO:__main__:ReceivedLoop:
INFO:__main__:Prompt
INFO:__main__:ReceivedLoop:
INFO:__main__:Prompt
INFO:__main__:ReceivedLoop:
INFO:__main__:Prompt
INFO:__main__:ReceivedLoop:
INFO:__main__:Prompt
INFO:__main__:ReceivedLoop:
INFO:__main__:Prompt
INFO:__main__:ReceivedLoop:
INFO:__main__:Prompt
INFO:__main__:ReceivedLoop:
INFO:__main__:Prompt
INFO:__main__:ReceivedLoop:
INFO:__main__:Prompt
INFO:__main__:ReceivedLoop:
INFO:__main__:Prompt
INFO:__main__:ReceivedLoop:
INFO:__main__:Prompt
INFO:__main__:ReceivedLoop:
INFO:__main__:Prompt
INFO:__main__:ReceivedLoop:
INFO:__main__:Prompt
INFO:__main__:ReceivedLoop:
INFO:__main__:Prompt
INFO:__main__:ReceivedLoop:
INFO:__main__:Prompt
INFO:__main__:ReceivedLoop:
INFO:__main__:Prompt
INFO:__main__:ReceivedLoop:
INFO:__main__:Prompt
INFO:__main__:ReceivedLoop:
INFO:__main__:Prompt
INFO:__main__:ReceivedLoop:
INFO:__main__:Prompt
INFO:__main__:ReceivedLoop:
INFO:__main__:Prompt
INFO:__main__:ReceivedLoop:
INFO:__main__:Prompt
INFO:__main__:ReceivedLoop:
INFO:__main__:Prompt
INFO:__main__:ReceivedLoop:
INFO:__main__:Prompt
INFO:__main__:ReceivedLoop:
INFO:__main__:Prompt
INFO:__main__:ReceivedLoop:
INFO:__main__:Prompt
INFO:__main__:ReceivedLoop:
INFO:__main__:Prompt
INFO:__main__:ReceivedLoop:
INFO:__main__:Prompt
INFO:__main__:ReceivedLoop:
INFO:__main__:Prompt
INFO:__main__:ReceivedLoop:
INFO:__main__:Prompt
INFO:__main__:ReceivedLoop:
INFO:__main__:Prompt
INFO:__main__:ReceivedLoop:
INFO:__main__:Prompt
INFO:__main__:ReceivedLoop:
INFO:__main__:Prompt
INFO:__main__:ReceivedLoop:
INFO:__main__:Prompt
INFO:__main__:ReceivedLoop:
INFO:__main__:Prompt
INFO:__main__:ReceivedLoop:
INFO:__main__:Prompt
INFO:__main__:ReceivedLoop:
INFO:__main__:Prompt
INFO:__main__:ReceivedLoop:
INFO:__main__:Prompt
INFO:__main__:ReceivedLoop:
INFO:__main__:Prompt
INFO:__main__:ReceivedLoop:
INFO:__main__:Prompt
INFO:__main__:ReceivedLoop:
INFO:__main__:Prompt
INFO:__main__:ReceivedLoop:
INFO:__main__:Prompt
INFO:__main__:ReceivedLoop:
INFO:__main__:Prompt
INFO:__main__:ReceivedLoop:
INFO:__main__:Prompt
INFO:__main__:ReceivedLoop:
INFO:__main__:Prompt
INFO:__main__:ReceivedLoop:
INFO:__main__:Prompt
INFO:__main__:ReceivedLoop:
INFO:__main__:Prompt
INFO:__main__:ReceivedLoop:
INFO:__main__:Prompt
INFO:__main__:ReceivedLoop:
INFO:__main__:Prompt
INFO:__main__:ReceivedLoop:
INFO:__main__:Prompt
INFO:__main__:Received2
INFO:__main__:Done
INFO:__main__:Finished
INFO:__main__:Received1
INFO:__main__:G
INFO:__main__:ReceivedLoop:
INFO:__main__:Prompt
INFO:__main__:ReceivedLoop:
INFO:__main__:Prompt
INFO:__main__:ReceivedLoop:
INFO:__main__:Prompt
INFO:__main__:ReceivedLoop:
INFO:__main__:Prompt
INFO:__main__:ReceivedLoop:
INFO:__main__:Prompt
INFO:__main__:ReceivedLoop:
INFO:__main__:Prompt
INFO:__main__:ReceivedLoop:
INFO:__main__:Prompt
INFO:__main__:ReceivedLoop:
INFO:__main__:Prompt
INFO:__main__:ReceivedLoop:
INFO:__main__:Prompt
INFO:__main__:ReceivedLoop:
INFO:__main__:Prompt
INFO:__main__:ReceivedLoop:
INFO:__main__:Prompt
INFO:__main__:ReceivedLoop:
INFO:__main__:Prompt
INFO:__main__:ReceivedLoop:
INFO:__main__:Prompt
INFO:__main__:ReceivedLoop:
INFO:__main__:Prompt
INFO:__main__:ReceivedLoop:
INFO:__main__:Prompt
INFO:__main__:ReceivedLoop:
INFO:__main__:Prompt
INFO:__main__:ReceivedLoop:
INFO:__main__:Prompt
INFO:__main__:ReceivedLoop:
INFO:__main__:Prompt
INFO:__main__:ReceivedLoop:
INFO:__main__:Prompt
INFO:__main__:ReceivedLoop:
INFO:__main__:Prompt
INFO:__main__:ReceivedLoop:
INFO:__main__:Prompt
INFO:__main__:ReceivedLoop:
INFO:__main__:Prompt
INFO:__main__:ReceivedLoop:
INFO:__main__:Prompt
INFO:__main__:ReceivedLoop:
INFO:__main__:Prompt
INFO:__main__:ReceivedLoop:
INFO:__main__:Prompt
INFO:__main__:ReceivedLoop:
INFO:__main__:Prompt
INFO:__main__:ReceivedLoop:
INFO:__main__:Prompt
INFO:__main__:ReceivedLoop:
INFO:__main__:Prompt
INFO:__main__:ReceivedLoop:
INFO:__main__:Prompt
INFO:__main__:ReceivedLoop:
INFO:__main__:Prompt
INFO:__main__:ReceivedLoop:
INFO:__main__:Prompt
INFO:__main__:ReceivedLoop:
INFO:__main__:Prompt
INFO:__main__:ReceivedLoop:
INFO:__main__:Prompt
INFO:__main__:ReceivedLoop:
INFO:__main__:Prompt
INFO:__main__:ReceivedLoop:
INFO:__main__:Prompt
INFO:__main__:ReceivedLoop:
INFO:__main__:Prompt
INFO:__main__:ReceivedLoop:
INFO:__main__:Prompt
INFO:__main__:ReceivedLoop:
INFO:__main__:Prompt
INFO:__main__:ReceivedLoop:
INFO:__main__:Prompt
INFO:__main__:ReceivedLoop:
INFO:__main__:Prompt
INFO:__main__:ReceivedLoop:
INFO:__main__:Prompt
INFO:__main__:ReceivedLoop:
INFO:__main__:Prompt
INFO:__main__:ReceivedLoop:
INFO:__main__:Prompt
INFO:__main__:ReceivedLoop:
INFO:__main__:Prompt
INFO:__main__:ReceivedLoop:
INFO:__main__:Prompt
INFO:__main__:ReceivedLoop:
INFO:__main__:Prompt
INFO:__main__:ReceivedLoop:
INFO:__main__:Prompt
INFO:__main__:ReceivedLoop:
INFO:__main__:Prompt
INFO:__main__:Received2
INFO:__main__:Done
INFO:__main__:Finished
INFO:__main__:Received1
INFO:__main__:G
INFO:__main__:ReceivedLoop:
INFO:__main__:Prompt
INFO:__main__:ReceivedLoop:
INFO:__main__:Prompt
INFO:__main__:ReceivedLoop:
INFO:__main__:Prompt
INFO:__main__:ReceivedLoop:
INFO:__main__:Prompt
INFO:__main__:ReceivedLoop:
INFO:__main__:Prompt
INFO:__main__:ReceivedLoop:
INFO:__main__:Prompt
INFO:__main__:ReceivedLoop:
INFO:__main__:Prompt
INFO:__main__:ReceivedLoop:
INFO:__main__:Prompt
INFO:__main__:ReceivedLoop:
INFO:__main__:Prompt
INFO:__main__:ReceivedLoop:
INFO:__main__:Prompt
INFO:__main__:ReceivedLoop:
INFO:__main__:Prompt
INFO:__main__:ReceivedLoop:
INFO:__main__:Prompt
INFO:__main__:ReceivedLoop:
INFO:__main__:Prompt
INFO:__main__:ReceivedLoop:
INFO:__main__:Prompt
INFO:__main__:ReceivedLoop:
INFO:__main__:Prompt
INFO:__main__:ReceivedLoop:
INFO:__main__:Prompt
INFO:__main__:ReceivedLoop:
INFO:__main__:Prompt
INFO:__main__:ReceivedLoop:
INFO:__main__:Prompt
INFO:__main__:ReceivedLoop:
INFO:__main__:Prompt
INFO:__main__:ReceivedLoop:
INFO:__main__:Prompt
INFO:__main__:ReceivedLoop:
INFO:__main__:Prompt
INFO:__main__:ReceivedLoop:
INFO:__main__:Prompt
INFO:__main__:ReceivedLoop:
INFO:__main__:Prompt
INFO:__main__:ReceivedLoop:
INFO:__main__:Prompt
INFO:__main__:ReceivedLoop:
INFO:__main__:Prompt
INFO:__main__:ReceivedLoop:
INFO:__main__:Prompt
INFO:__main__:ReceivedLoop:
INFO:__main__:Prompt
INFO:__main__:ReceivedLoop:
INFO:__main__:Prompt
INFO:__main__:ReceivedLoop:
INFO:__main__:Prompt
INFO:__main__:ReceivedLoop:
INFO:__main__:Prompt
INFO:__main__:ReceivedLoop:
INFO:__main__:Prompt
INFO:__main__:ReceivedLoop:
INFO:__main__:Prompt
INFO:__main__:ReceivedLoop:
INFO:__main__:Prompt
INFO:__main__:ReceivedLoop:
INFO:__main__:Prompt
INFO:__main__:ReceivedLoop:
INFO:__main__:Prompt
INFO:__main__:ReceivedLoop:
INFO:__main__:Prompt
INFO:__main__:ReceivedLoop:
INFO:__main__:Prompt
INFO:__main__:ReceivedLoop:
INFO:__main__:Prompt
INFO:__main__:ReceivedLoop:
INFO:__main__:Prompt
INFO:__main__:ReceivedLoop:
INFO:__main__:Prompt
INFO:__main__:ReceivedLoop:
INFO:__main__:Prompt
INFO:__main__:ReceivedLoop:
INFO:__main__:Prompt
INFO:__main__:ReceivedLoop:
INFO:__main__:Prompt
INFO:__main__:ReceivedLoop:
INFO:__main__:Prompt
INFO:__main__:ReceivedLoop:
INFO:__main__:Prompt
INFO:__main__:ReceivedLoop:
INFO:__main__:Prompt
INFO:__main__:ReceivedLoop:
INFO:__main__:Prompt
INFO:__main__:ReceivedLoop:
INFO:__main__:Prompt
INFO:__main__:Received2
INFO:__main__:Done
INFO:__main__:Finished
INFO:__main__:Received1
INFO:__main__:G
INFO:__main__:ReceivedLoop:
INFO:__main__:Prompt
INFO:__main__:ReceivedLoop:
INFO:__main__:Prompt
INFO:__main__:ReceivedLoop:
INFO:__main__:Prompt
INFO:__main__:ReceivedLoop:
INFO:__main__:Prompt
INFO:__main__:ReceivedLoop:
INFO:__main__:Prompt
INFO:__main__:ReceivedLoop:
INFO:__main__:Prompt
INFO:__main__:ReceivedLoop:
INFO:__main__:Prompt
INFO:__main__:ReceivedLoop:
INFO:__main__:Prompt
INFO:__main__:ReceivedLoop:
INFO:__main__:Prompt
INFO:__main__:ReceivedLoop:
INFO:__main__:Prompt
INFO:__main__:ReceivedLoop:
INFO:__main__:Prompt
INFO:__main__:ReceivedLoop:
INFO:__main__:Prompt
INFO:__main__:ReceivedLoop:
INFO:__main__:Prompt
INFO:__main__:ReceivedLoop:
INFO:__main__:Prompt
INFO:__main__:ReceivedLoop:
INFO:__main__:Prompt
INFO:__main__:ReceivedLoop:
INFO:__main__:Prompt
INFO:__main__:ReceivedLoop:
INFO:__main__:Prompt
INFO:__main__:ReceivedLoop:
INFO:__main__:Prompt
INFO:__main__:ReceivedLoop:
INFO:__main__:Prompt
INFO:__main__:ReceivedLoop:
INFO:__main__:Prompt
INFO:__main__:ReceivedLoop:
INFO:__main__:Prompt
INFO:__main__:ReceivedLoop:
INFO:__main__:Prompt
INFO:__main__:ReceivedLoop:
INFO:__main__:Prompt
INFO:__main__:ReceivedLoop:
INFO:__main__:Prompt
INFO:__main__:ReceivedLoop:
INFO:__main__:Prompt
INFO:__main__:ReceivedLoop:
INFO:__main__:Prompt
INFO:__main__:ReceivedLoop:
INFO:__main__:Prompt
INFO:__main__:ReceivedLoop:
INFO:__main__:Prompt
INFO:__main__:ReceivedLoop:
INFO:__main__:Prompt
INFO:__main__:ReceivedLoop:
INFO:__main__:Prompt
INFO:__main__:ReceivedLoop:
INFO:__main__:Prompt
INFO:__main__:ReceivedLoop:
INFO:__main__:Prompt
INFO:__main__:ReceivedLoop:
INFO:__main__:Prompt
INFO:__main__:ReceivedLoop:
INFO:__main__:Prompt
INFO:__main__:ReceivedLoop:
INFO:__main__:Prompt
INFO:__main__:ReceivedLoop:
INFO:__main__:Prompt
INFO:__main__:ReceivedLoop:
INFO:__main__:Prompt
INFO:__main__:ReceivedLoop:
INFO:__main__:Prompt
INFO:__main__:ReceivedLoop:
INFO:__main__:Prompt
INFO:__main__:ReceivedLoop:
INFO:__main__:Prompt
INFO:__main__:ReceivedLoop:
INFO:__main__:Prompt
INFO:__main__:ReceivedLoop:
INFO:__main__:Prompt
INFO:__main__:ReceivedLoop:
INFO:__main__:Prompt
INFO:__main__:ReceivedLoop:
INFO:__main__:Prompt
INFO:__main__:ReceivedLoop:
INFO:__main__:Stop
INFO:__main__:Finished
INFO:__main__:Received1
INFO:__main__:G
INFO:__main__:ReceivedLoop:
INFO:__main__:Prompt
INFO:__main__:ReceivedLoop:
INFO:__main__:Prompt
INFO:__main__:ReceivedLoop:
INFO:__main__:Prompt
INFO:__main__:ReceivedLoop:
INFO:__main__:Prompt
INFO:__main__:ReceivedLoop:
INFO:__main__:Prompt
INFO:__main__:ReceivedLoop:
INFO:__main__:Prompt
INFO:__main__:ReceivedLoop:
INFO:__main__:Prompt
INFO:__main__:ReceivedLoop:
INFO:__main__:Prompt
INFO:__main__:ReceivedLoop:
INFO:__main__:Prompt
INFO:__main__:ReceivedLoop:
INFO:__main__:Prompt
INFO:__main__:ReceivedLoop:
INFO:__main__:Prompt
INFO:__main__:ReceivedLoop:
INFO:__main__:Prompt
INFO:__main__:ReceivedLoop:
INFO:__main__:Prompt
INFO:__main__:ReceivedLoop:
INFO:__main__:Prompt
INFO:__main__:ReceivedLoop:
INFO:__main__:Prompt
INFO:__main__:ReceivedLoop:
INFO:__main__:Prompt
INFO:__main__:ReceivedLoop:
INFO:__main__:Prompt
INFO:__main__:ReceivedLoop:
INFO:__main__:Prompt
INFO:__main__:ReceivedLoop:
INFO:__main__:Prompt
INFO:__main__:ReceivedLoop:
INFO:__main__:Prompt
INFO:__main__:ReceivedLoop:
INFO:__main__:Prompt
INFO:__main__:ReceivedLoop:
INFO:__main__:Prompt
INFO:__main__:ReceivedLoop:
INFO:__main__:Prompt
INFO:__main__:ReceivedLoop:
INFO:__main__:Prompt
INFO:__main__:ReceivedLoop:
INFO:__main__:Prompt
INFO:__main__:ReceivedLoop:
INFO:__main__:Prompt
INFO:__main__:ReceivedLoop:
INFO:__main__:Prompt
INFO:__main__:ReceivedLoop:
INFO:__main__:Prompt
INFO:__main__:ReceivedLoop:
INFO:__main__:Prompt
INFO:__main__:ReceivedLoop:
INFO:__main__:Prompt
INFO:__main__:ReceivedLoop:
INFO:__main__:Prompt
INFO:__main__:ReceivedLoop:
INFO:__main__:Prompt
INFO:__main__:ReceivedLoop:
INFO:__main__:Prompt
INFO:__main__:ReceivedLoop:
INFO:__main__:Prompt
INFO:__main__:ReceivedLoop:
INFO:__main__:Prompt
INFO:__main__:ReceivedLoop:
INFO:__main__:Prompt
INFO:__main__:ReceivedLoop:
INFO:__main__:Prompt
INFO:__main__:ReceivedLoop:
INFO:__main__:Prompt
INFO:__main__:ReceivedLoop:
INFO:__main__:Prompt
INFO:__main__:ReceivedLoop:
INFO:__main__:Prompt
INFO:__main__:ReceivedLoop:
INFO:__main__:Prompt
INFO:__main__:ReceivedLoop:
INFO:__main__:Prompt
INFO:__main__:ReceivedLoop:
INFO:__main__:Stop
INFO:__main__:Finished
INFO:__main__:Received1
INFO:__main__:G
INFO:__main__:ReceivedLoop:
INFO:__main__:Prompt
INFO:__main__:ReceivedLoop:
INFO:__main__:Prompt
INFO:__main__:ReceivedLoop:
INFO:__main__:Prompt
INFO:__main__:ReceivedLoop:
INFO:__main__:Prompt
INFO:__main__:ReceivedLoop:
INFO:__main__:Prompt
INFO:__main__:ReceivedLoop:
INFO:__main__:Prompt
INFO:__main__:ReceivedLoop:
INFO:__main__:Prompt
INFO:__main__:ReceivedLoop:
INFO:__main__:Prompt
INFO:__main__:ReceivedLoop:
INFO:__main__:Prompt
INFO:__main__:ReceivedLoop:
INFO:__main__:Prompt
INFO:__main__:ReceivedLoop:
INFO:__main__:Prompt
INFO:__main__:ReceivedLoop:
INFO:__main__:Prompt
INFO:__main__:ReceivedLoop:
INFO:__main__:Prompt
INFO:__main__:ReceivedLoop:
INFO:__main__:Prompt
INFO:__main__:ReceivedLoop:
INFO:__main__:Prompt
INFO:__main__:ReceivedLoop:
INFO:__main__:Prompt
INFO:__main__:ReceivedLoop:
INFO:__main__:Prompt
INFO:__main__:ReceivedLoop:
INFO:__main__:Prompt
INFO:__main__:ReceivedLoop:
INFO:__main__:Prompt
INFO:__main__:ReceivedLoop:
INFO:__main__:Prompt
INFO:__main__:ReceivedLoop:
INFO:__main__:Prompt
INFO:__main__:ReceivedLoop:
INFO:__main__:Prompt
INFO:__main__:ReceivedLoop:
INFO:__main__:Prompt
INFO:__main__:ReceivedLoop:
INFO:__main__:Prompt
INFO:__main__:ReceivedLoop:
INFO:__main__:Prompt
INFO:__main__:ReceivedLoop:
INFO:__main__:Prompt
INFO:__main__:ReceivedLoop:
INFO:__main__:Prompt
INFO:__main__:ReceivedLoop:
INFO:__main__:Prompt
INFO:__main__:ReceivedLoop:
INFO:__main__:Prompt
INFO:__main__:ReceivedLoop:
INFO:__main__:Prompt
INFO:__main__:ReceivedLoop:
INFO:__main__:Prompt
INFO:__main__:ReceivedLoop:
INFO:__main__:Prompt
INFO:__main__:ReceivedLoop:
INFO:__main__:Prompt
INFO:__main__:ReceivedLoop:
INFO:__main__:Prompt
INFO:__main__:ReceivedLoop:
INFO:__main__:Prompt
INFO:__main__:ReceivedLoop:
INFO:__main__:Prompt
INFO:__main__:ReceivedLoop:
INFO:__main__:Prompt
INFO:__main__:ReceivedLoop:
INFO:__main__:Prompt
INFO:__main__:ReceivedLoop:
INFO:__main__:Prompt
INFO:__main__:ReceivedLoop:
INFO:__main__:Prompt
INFO:__main__:ReceivedLoop:
INFO:__main__:Prompt
INFO:__main__:ReceivedLoop:
INFO:__main__:Prompt
INFO:__main__:ReceivedLoop:
INFO:__main__:Prompt
INFO:__main__:ReceivedLoop:
INFO:__main__:Prompt
INFO:__main__:ReceivedLoop:
INFO:__main__:Prompt
INFO:__main__:ReceivedLoop:
INFO:__main__:Prompt
INFO:__main__:ReceivedLoop:
INFO:__main__:Prompt
INFO:__main__:ReceivedLoop:
INFO:__main__:Prompt
INFO:__main__:Received2
INFO:__main__:Done
INFO:__main__:Finished
